// Jest Snapshot v1, https://goo.gl/fbAQLP

exports[`<Summary /> Render correctly 1`] = `
<Table
  as="table"
  celled={true}
  structured={true}
>
  <TableHeader
    as="thead"
  >
    <TableRow
      as="tr"
      cellAs="td"
    >
      <TableHeaderCell
        as="th"
        rowSpan="2"
      >
        Step
      </TableHeaderCell>
      <TableHeaderCell
        as="th"
        rowSpan="2"
      >
        Field Name
      </TableHeaderCell>
      <TableHeaderCell
        as="th"
        rowSpan="2"
      >
        Field Value
      </TableHeaderCell>
    </TableRow>
  </TableHeader>
  <TableBody
    as="tbody"
  >
    <TableRow
      as="tr"
      cellAs="td"
      key="name"
    >
      <TableCell
        as="td"
        rowSpan={2}
      >
        Identity
      </TableCell>
      <TableCell
        as="td"
      >
        Name
      </TableCell>
      <TableCell
        as="td"
      >
        Some name
      </TableCell>
    </TableRow>
    <TableRow
      as="tr"
      cellAs="td"
      key="email"
    >
      <TableCell
        as="td"
      >
        Email
      </TableCell>
      <TableCell
        as="td"
      >
        some@mail.com
      </TableCell>
    </TableRow>
    <TableRow
      as="tr"
      cellAs="td"
      key="age"
    >
      <TableCell
        as="td"
        rowSpan={2}
      >
        Details
      </TableCell>
      <TableCell
        as="td"
      >
        Age
      </TableCell>
      <TableCell
        as="td"
      >
        25
      </TableCell>
    </TableRow>
    <TableRow
      as="tr"
      cellAs="td"
      key="gender"
    >
      <TableCell
        as="td"
      >
        Gender
      </TableCell>
      <TableCell
        as="td"
      >
        Female
      </TableCell>
    </TableRow>
    <TableRow
      as="tr"
      cellAs="td"
      key="book"
    >
      <TableCell
        as="td"
        rowSpan={2}
      >
        Favorites
      </TableCell>
      <TableCell
        as="td"
      >
        Book
      </TableCell>
      <TableCell
        as="td"
      >
        The book
      </TableCell>
    </TableRow>
    <TableRow
      as="tr"
      cellAs="td"
      key="colors"
    >
      <TableCell
        as="td"
      >
        Colors
      </TableCell>
      <TableCell
        as="td"
      >
        Green, Blue
      </TableCell>
    </TableRow>
  </TableBody>
</Table>
`;
